../Core/Src/main.c:46:6:write_temp_min	16	static
../Core/Src/main.c:49:6:write_temp_max	16	static
../Core/Src/main.c:52:6:write_alert_number	16	static
../Core/Src/main.c:56:5:read_alert_number	16	static
../Core/Src/main.c:61:7:read_temp_min	16	static
../Core/Src/main.c:66:7:read_temp_max	16	static
../Core/Src/main.c:72:6:setMotor	16	static
../Core/Src/main.c:82:7:read_temperature	40	static
../Core/Src/main.c:108:6:afficherLettreA	16	static
../Core/Src/main.c:120:6:eteindreAfficheur	16	static
../Core/Src/main.c:128:10:light_sensor	24	static
../Core/Src/main.c:151:5:main	88	static
../Core/Src/main.c:243:6:SystemClock_Config	88	static
../Core/Src/main.c:280:13:MX_ADC1_Init	24	static
../Core/Src/main.c:323:13:MX_TIM1_Init	80	static
../Core/Src/main.c:373:13:MX_TIM2_Init	32	static
../Core/Src/main.c:402:13:MX_USART2_UART_Init	8	static
../Core/Src/main.c:420:13:MX_GPIO_Init	48	static
../Core/Src/main.c:511:6:HAL_GPIO_EXTI_Callback	16	static
../Core/Src/main.c:570:6:HAL_TIM_PeriodElapsedCallback	16	static
../Core/Src/main.c:591:6:Error_Handler	4	static,ignoring_inline_asm
